(node:43736) [DEP0060] DeprecationWarning: The `util._extend` API is deprecated. Please use Object.assign() instead.
(Use `node --trace-deprecation ...` to show where the warning was created)
[baseline-browser-mapping] The data in this module is over two months old.  To ensure accurate Baseline data, please update: `npm i baseline-browser-mapping@latest -D`
ÔöÅ Renderer -------------------

  [baseline-browser-mapping] The data in this module is over two months old.  To ensure accurate Baseline data, please update: `npm i baseline-browser-mapping@latest -D`

Ôöù ----------------------------
ÔöÅ Main -----------------------

  Hash: [1mc3f65885f14a342e8902[39m[22m
  Version: webpack [1m4.47.0[39m[22m
  Time: [1m502[39m[22mms
  Built at: 01/04/2026 [1m12:24:24[39m[22m
    [1mAsset[39m[22m      [1mSize[39m[22m  [1mChunks[39m[22m  [1m[39m[22m           [1m[39m[22m[1mChunk Names[39m[22m
  [1m[32mmain.js[39m[22m  52.5 KiB    [1mmain[39m[22m  [1m[32m[emitted][39m[22m  main
  Entrypoint [1mmain[39m[22m = [1m[32mmain.js[39m[22m
  [0] [1mmulti ./node_modules/electron-webpack/out/electron-main-hmr/main-hmr ./src/main/index.js[39m[22m 40 bytes {[1m[33mmain[39m[22m}[1m[32m [built][39m[22m
  [[1m./node_modules/electron-webpack/out/electron-main-hmr/main-hmr.js[39m[22m] 582 bytes {[1m[33mmain[39m[22m}[1m[32m [built][39m[22m
  [[1m./src/main/index.js[39m[22m] 2.58 KiB {[1m[33mmain[39m[22m}[1m[32m [built][39m[22m
  [[1m./src/main/mainWindow.js[39m[22m] 817 bytes {[1m[33mmain[39m[22m}[1m[32m [built][39m[22m
  [electron] [1mexternal "electron"[39m[22m 42 bytes {[1m[33mmain[39m[22m}[1m[32m [built][39m[22m
  [electron-dl] [1mexternal "electron-dl"[39m[22m 42 bytes {[1m[33mmain[39m[22m}[1m[32m [built][39m[22m
  [electron-webpack/out/electron-main-hmr/HmrClient] [1mexternal "electron-webpack/out/electron-main-hmr/HmrClient"[39m[22m 42 bytes {[1m[33mmain[39m[22m}[1m[32m [built][39m[22m
  [path] [1mexternal "path"[39m[22m 42 bytes {[1m[33mmain[39m[22m}[1m[32m [built][39m[22m
  [source-map-support/source-map-support.js] [1mexternal "source-map-support/source-map-support.js"[39m[22m 42 bytes {[1m[33mmain[39m[22m}[1m[32m [built][39m[22m

Ôöù ----------------------------
ÔöÅ Renderer -------------------

  [34mi[39m [90m´¢ówds´¢ú[39m: Project is running at [1m[34mhttp://localhost:58475/[39m[22m

Ôöù ----------------------------
ÔöÅ Renderer -------------------

  [34mi[39m [90m´¢ówds´¢ú[39m: webpack output is served from [1m[34m/[39m[22m
  [34mi[39m [90m´¢ówds´¢ú[39m: Content not from webpack is served from [1m[34mP:\Tudex-Games-Laucher\electron-game-updater-main\static, P:\Tudex-Games-Laucher\electron-game-updater-main\dist\renderer-dll[39m[22m

Ôöù ----------------------------
ÔöÅ Renderer -------------------

  DEPRECATION WARNING [legacy-js-api]: The legacy JS API is deprecated and will be removed in Dart Sass 2.0.0.
  
  More info: https://sass-lang.com/d/legacy-js-api

Ôöù ----------------------------
ÔöÅ Renderer -------------------

  [34mi[39m [90m´¢ówdm´¢ú[39m: Hash: [1mfb3f46185a4fbe5334d5[39m[22m
  Version: webpack [1m4.47.0[39m[22m
  Time: [1m1348[39m[22mms
  Built at: 01/04/2026 [1m12:24:26[39m[22m
                     [1mAsset[39m[22m       [1mSize[39m[22m    [1mChunks[39m[22m  [1m[39m[22m           [1m[39m[22m[1mChunk Names[39m[22m
    [1m[32mimgs/bg-es--assets.jpg[39m[22m    457 KiB          [1m[39m[22m  [1m[32m[emitted][39m[22m  
    [1m[32mimgs/bg-gc--assets.jpg[39m[22m    342 KiB          [1m[39m[22m  [1m[32m[emitted][39m[22m  
  [1m[32mimgs/logo-es--assets.svg[39m[22m   14.5 KiB          [1m[39m[22m  [1m[32m[emitted][39m[22m  
                [1m[32mindex.html[39m[22m  423 bytes          [1m[39m[22m  [1m[32m[emitted][39m[22m  
               [1m[32mrenderer.js[39m[22m   3.86 MiB  [1mrenderer[39m[22m  [1m[32m[emitted][39m[22m  renderer
                [1m[32mstyles.css[39m[22m     14 KiB  [1mrenderer[39m[22m  [1m[32m[emitted][39m[22m  renderer
  Entrypoint [1mrenderer[39m[22m = [1m[32mstyles.css[39m[22m [1m[32mrenderer.js[39m[22m
  [0] [1mmulti (webpack)-dev-server/client?http://localhost:58475 (webpack)/hot/dev-server.js css-hot-loader/hotModuleReplacement ./src/renderer/index.js[39m[22m 64 bytes {[1m[33mrenderer[39m[22m}[1m[32m [built][39m[22m
  [[1m./node_modules/css-hot-loader/hotModuleReplacement.js[39m[22m] 3.05 KiB {[1m[33mrenderer[39m[22m}[1m[32m [built][39m[22m
  [[1m./node_modules/lodash/debounce.js[39m[22m] 5.96 KiB {[1m[33mrenderer[39m[22m}[1m[32m [built][39m[22m
  [[1m./node_modules/normalize-url/index.js[39m[22m] 3.85 KiB {[1m[33mrenderer[39m[22m}[1m[32m [built][39m[22m
  [[1m./node_modules/react-dom/client.js[39m[22m] 619 bytes {[1m[33mrenderer[39m[22m}[1m[32m [built][39m[22m
  [[1m./node_modules/react/index.js[39m[22m] 190 bytes {[1m[33mrenderer[39m[22m}[1m[32m [built][39m[22m
  [./node_modules/webpack-dev-server/client/index.js?http://localhost:58475] [1m(webpack)-dev-server/client?http://localhost:58475[39m[22m 4.29 KiB {[1m[33mrenderer[39m[22m}[1m[32m [built][39m[22m
  [./node_modules/webpack-dev-server/client/overlay.js] [1m(webpack)-dev-server/client/overlay.js[39m[22m 3.52 KiB {[1m[33mrenderer[39m[22m}[1m[32m [built][39m[22m
  [./node_modules/webpack-dev-server/client/socket.js] [1m(webpack)-dev-server/client/socket.js[39m[22m 1.53 KiB {[1m[33mrenderer[39m[22m}[1m[32m [built][39m[22m
  [./node_modules/webpack-dev-server/client/utils/createSocketUrl.js] [1m(webpack)-dev-server/client/utils/createSocketUrl.js[39m[22m 2.91 KiB {[1m[33mrenderer[39m[22m}[1m[32m [built][39m[22m
  [./node_modules/webpack-dev-server/client/utils/log.js] [1m(webpack)-dev-server/client/utils/log.js[39m[22m 964 bytes {[1m[33mrenderer[39m[22m}[1m[32m [built][39m[22m
  [./node_modules/webpack-dev-server/client/utils/reloadApp.js] [1m(webpack)-dev-server/client/utils/reloadApp.js[39m[22m 1.59 KiB {[1m[33mrenderer[39m[22m}[1m[32m [built][39m[22m
  [./node_modules/webpack-dev-server/client/utils/sendMessage.js] [1m(webpack)-dev-server/client/utils/sendMessage.js[39m[22m 402 bytes {[1m[33mrenderer[39m[22m}[1m[32m [built][39m[22m
  [./node_modules/webpack/hot/dev-server.js] [1m(webpack)/hot/dev-server.js[39m[22m 1.59 KiB {[1m[33mrenderer[39m[22m}[1m[32m [built][39m[22m
  [[1m./src/renderer/index.js[39m[22m] 263 bytes {[1m[33mrenderer[39m[22m}[1m[32m [built][39m[22m
      + 83 hidden modules
  Child [1mHtmlWebpackCompiler[39m[22m:
       1 asset
      Entrypoint [1mHtmlWebpackPlugin_0[39m[22m = [1m[32m__child-HtmlWebpackPlugin_0[39m[22m
      [[1m./node_modules/html-loader/dist/cjs.js?minimize=false!./dist/.renderer-index-template.html[39m[22m] 421 bytes {[1m[33mHtmlWebpackPlugin_0[39m[22m}[1m[32m [built][39m[22m
  Child [1mmini-css-extract-plugin node_modules/css-loader/dist/cjs.js??ref--9-2!node_modules/sass-loader/dist/cjs.js!src/renderer/styles.scss[39m[22m:
      Entrypoint [1mmini-css-extract-plugin[39m[22m = [1m[32m*[39m[22m
      [./node_modules/css-loader/dist/cjs.js?!./node_modules/sass-loader/dist/cjs.js!./src/renderer/styles.scss] [1m./node_modules/css-loader/dist/cjs.js??ref--9-2!./node_modules/sass-loader/dist/cjs.js!./src/renderer/styles.scss[39m[22m 8.52 KiB {[1m[33mmini-css-extract-plugin[39m[22m}[1m[32m [built][39m[22m
      [[1m./node_modules/css-loader/dist/runtime/api.js[39m[22m] 2.46 KiB {[1m[33mmini-css-extract-plugin[39m[22m}[1m[32m [built][39m[22m
      [[1m./node_modules/css-loader/dist/runtime/getUrl.js[39m[22m] 830 bytes {[1m[33mmini-css-extract-plugin[39m[22m}[1m[32m [built][39m[22m
      [[1m./src/renderer/assets/bg-es.jpg[39m[22m] 66 bytes {[1m[33mmini-css-extract-plugin[39m[22m}[1m[32m [built][39m[22m
      [[1m./src/renderer/assets/bg-gc.jpg[39m[22m] 66 bytes {[1m[33mmini-css-extract-plugin[39m[22m}[1m[32m [built][39m[22m
      [[1m./src/renderer/assets/bouncing-ball.svg[39m[22m] 647 bytes {[1m[33mmini-css-extract-plugin[39m[22m}[1m[32m [built][39m[22m
      [[1m./src/renderer/assets/logo-es.svg[39m[22m] 68 bytes {[1m[33mmini-css-extract-plugin[39m[22m}[1m[32m [built][39m[22m
      [[1m./src/renderer/assets/logo-gc.svg[39m[22m] 6.47 KiB {[1m[33mmini-css-extract-plugin[39m[22m}[1m[32m [built][39m[22m

Ôöù ----------------------------
ÔöÅ Renderer -------------------

  [34mi[39m [90m´¢ówdm´¢ú[39m: Compiled successfully.

Ôöù ----------------------------
